IP6 (hlim 64, next-header ICMPv6 (58) payload length: 48) fe80::216:3eff:fe11:3424 > ff02::1: [icmp6 sum ok] ICMP6, RPL, (CLR)DODAG Information Object [dagid:T10x0,seq:10,instance:42,rank:3,grounded,mop:storing,prf:0] opt:destprefix len:15  0x0000:  3000 0000 0000 2001 0db8 0001 00 opt:pad0 opt:pad0 opt:pad0 opt:pad0 opt:pad0
IP6 (hlim 64, next-header ICMPv6 (58) payload length: 56) fe80::216:3eff:fe11:3424 > fe80::216:3eff:fe11:3424: [icmp6 sum ok] ICMP6, RPL, (CLR)Destination Advertisement Object [dagid:T10x0,seq:10,instance:42] opt:rpltarget len:25  0x0000:  0080 2001 0db8 0001 0000 0216 3eff fe11 0x0010:  3424 0000 0000 00 opt:pad0 opt:pad0 opt:pad0 opt:pad0 opt:pad0 opt:pad0 opt:pad0
